// Jest Snapshot v1, https://goo.gl/fbAQLP

exports[`App example snapshot test on - ios 1`] = `
<View
  style={
    Object {
      "alignItems": "center",
      "backgroundColor": "#fff",
      "flex": 1,
      "justifyContent": "center",
    }
  }
>
  <Image
    source="logo.png"
    style={
      Object {
        "height": 300,
        "width": 300,
      }
    }
  />
  <Text
    accessible={true}
    allowFontScaling={true}
    ellipsizeMode="tail"
    style={
      Object {
        "fontSize": 16,
        "fontWeight": "bold",
      }
    }
  >
    Create React Native Web App
  </Text>
  <Text
    accessible={true}
    allowFontScaling={true}
    ellipsizeMode="tail"
  >
    Open up src/App.js to start working on your app!
  </Text>
  <Text
    accessible={true}
    allowFontScaling={true}
    ellipsizeMode="tail"
  >
    Changes you make will automatically reload.
  </Text>
  <Text
    accessible={true}
    allowFontScaling={true}
    ellipsizeMode="tail"
  >
    Shake your phone to open the developer menu.
  </Text>
</View>
`;
